test visualization result output
